../Core/Src/main.c:189:5:main	8	static
../Core/Src/main.c:292:6:SystemClock_Config	88	static
../Core/Src/main.c:339:13:MX_ADC1_Init	24	static
../Core/Src/main.c:391:13:MX_ADC2_Init	24	static
../Core/Src/main.c:443:13:MX_ADC3_Init	24	static
../Core/Src/main.c:495:13:MX_CAN1_Init	8	static
../Core/Src/main.c:532:13:MX_CAN2_Init	8	static
../Core/Src/main.c:569:13:MX_SPI1_Init	8	static
../Core/Src/main.c:607:13:MX_TIM1_Init	80	static
../Core/Src/main.c:672:13:MX_TIM2_Init	32	static
../Core/Src/main.c:720:13:MX_GPIO_Init	56	static
../Core/Src/main.c:808:13:configCan1Filters	48	static
../Core/Src/main.c:826:13:configCan2Filters	48	static
../Core/Src/main.c:857:13:voltageConversions	8	static
../Core/Src/main.c:870:13:temperatureConversions	8	static
../Core/Src/main.c:883:13:voltageReadings	24	static
../Core/Src/main.c:984:13:temperatureReadings	24	static
../Core/Src/main.c:1061:13:voltageSendCan	8	static
../Core/Src/main.c:1457:13:temperatureSendCan	8	static
../Core/Src/main.c:1722:13:readCanMessages	8	static
../Core/Src/main.c:1791:13:sendStatus	24	static
../Core/Src/main.c:1828:13:stepStateMachine	16	static
../Core/Src/main.c:1917:6:Error_Handler	4	static,ignoring_inline_asm
