../Core/Src/main.c:202:5:main	8	static
../Core/Src/main.c:307:6:SystemClock_Config	88	static
../Core/Src/main.c:354:13:MX_ADC1_Init	24	static
../Core/Src/main.c:406:13:MX_ADC2_Init	24	static
../Core/Src/main.c:458:13:MX_ADC3_Init	24	static
../Core/Src/main.c:510:13:MX_CAN1_Init	8	static
../Core/Src/main.c:547:13:MX_CAN2_Init	8	static
../Core/Src/main.c:584:13:MX_SPI1_Init	8	static
../Core/Src/main.c:622:13:MX_TIM1_Init	80	static
../Core/Src/main.c:687:13:MX_TIM2_Init	32	static
../Core/Src/main.c:735:13:MX_GPIO_Init	56	static
../Core/Src/main.c:823:13:configCan1Filters	48	static
../Core/Src/main.c:841:13:configCan2Filters	48	static
../Core/Src/main.c:872:13:voltageConversions	8	static
../Core/Src/main.c:885:13:temperatureConversions	8	static
../Core/Src/main.c:898:13:voltageReadings	24	static
../Core/Src/main.c:1001:13:temperatureReadings	24	static
../Core/Src/main.c:1081:13:voltageSendCan	8	static
../Core/Src/main.c:1477:13:temperatureSendCan	8	static
../Core/Src/main.c:1735:13:readCanMessages	8	static
../Core/Src/main.c:1804:13:sendStatus	40	static
../Core/Src/main.c:1879:13:stepStateMachine	16	static
../Core/Src/main.c:1968:6:Error_Handler	4	static,ignoring_inline_asm
