../can/lib/flash.c:35:23:pack_left_shift_u8	16	static
../can/lib/flash.c:43:23:pack_left_shift_u32	16	static
../can/lib/flash.c:51:23:pack_left_shift_u64	32	static
../can/lib/flash.c:59:23:pack_right_shift_u32	16	static
../can/lib/flash.c:67:23:pack_right_shift_u64	32	static
../can/lib/flash.c:75:24:unpack_left_shift_u32	16	static
../can/lib/flash.c:83:24:unpack_left_shift_u64	32	static
../can/lib/flash.c:91:23:unpack_right_shift_u8	16	static
../can/lib/flash.c:99:24:unpack_right_shift_u32	16	static
../can/lib/flash.c:107:24:unpack_right_shift_u64	32	static
../can/lib/flash.c:115:5:flash_system_status_pack	24	static
../can/lib/flash.c:132:5:flash_system_status_unpack	24	static
../can/lib/flash.c:147:5:flash_system_status_init	16	static
../can/lib/flash.c:156:9:flash_system_status_goto_app_encode	16	static
../can/lib/flash.c:161:8:flash_system_status_goto_app_decode	16	static
../can/lib/flash.c:166:6:flash_system_status_goto_app_is_in_range	16	static
../can/lib/flash.c:171:9:flash_system_status_goto_iap_encode	16	static
../can/lib/flash.c:176:8:flash_system_status_goto_iap_decode	16	static
../can/lib/flash.c:181:6:flash_system_status_goto_iap_is_in_range	16	static
../can/lib/flash.c:186:5:flash_dcu_status_pack	24	static
../can/lib/flash.c:209:5:flash_dcu_status_unpack	80	static
../can/lib/flash.c:230:5:flash_dcu_status_init	16	static
../can/lib/flash.c:239:10:flash_dcu_status_status_encode	16	static
../can/lib/flash.c:244:8:flash_dcu_status_status_decode	16	static
../can/lib/flash.c:249:6:flash_dcu_status_status_is_in_range	16	static
../can/lib/flash.c:256:5:flash_dcu_write_req_pack	24	static
../can/lib/flash.c:279:5:flash_dcu_write_req_unpack	24	static
../can/lib/flash.c:300:5:flash_dcu_write_req_init	16	static
../can/lib/flash.c:309:10:flash_dcu_write_req_address_encode	16	static
../can/lib/flash.c:314:8:flash_dcu_write_req_address_decode	16	static
../can/lib/flash.c:319:6:flash_dcu_write_req_address_is_in_range	16	static
../can/lib/flash.c:326:10:flash_dcu_write_req_word_encode	16	static
../can/lib/flash.c:331:8:flash_dcu_write_req_word_decode	16	static
../can/lib/flash.c:336:6:flash_dcu_write_req_word_is_in_range	16	static
../can/lib/flash.c:343:5:flash_dcu_write_res_pack	24	static
../can/lib/flash.c:366:5:flash_dcu_write_res_unpack	24	static
../can/lib/flash.c:387:5:flash_dcu_write_res_init	16	static
../can/lib/flash.c:396:10:flash_dcu_write_res_address_encode	16	static
../can/lib/flash.c:401:8:flash_dcu_write_res_address_decode	16	static
../can/lib/flash.c:406:6:flash_dcu_write_res_address_is_in_range	16	static
../can/lib/flash.c:413:10:flash_dcu_write_res_word_encode	16	static
../can/lib/flash.c:418:8:flash_dcu_write_res_word_decode	16	static
../can/lib/flash.c:423:6:flash_dcu_write_res_word_is_in_range	16	static
../can/lib/flash.c:430:5:flash_dcu_read_req_pack	24	static
../can/lib/flash.c:453:5:flash_dcu_read_req_unpack	24	static
../can/lib/flash.c:474:5:flash_dcu_read_req_init	16	static
../can/lib/flash.c:483:10:flash_dcu_read_req_address_encode	16	static
../can/lib/flash.c:488:8:flash_dcu_read_req_address_decode	16	static
../can/lib/flash.c:493:6:flash_dcu_read_req_address_is_in_range	16	static
../can/lib/flash.c:500:10:flash_dcu_read_req_word_encode	16	static
../can/lib/flash.c:505:8:flash_dcu_read_req_word_decode	16	static
../can/lib/flash.c:510:6:flash_dcu_read_req_word_is_in_range	16	static
../can/lib/flash.c:517:5:flash_dcu_read_res_pack	24	static
../can/lib/flash.c:540:5:flash_dcu_read_res_unpack	24	static
../can/lib/flash.c:561:5:flash_dcu_read_res_init	16	static
../can/lib/flash.c:570:10:flash_dcu_read_res_address_encode	16	static
../can/lib/flash.c:575:8:flash_dcu_read_res_address_decode	16	static
../can/lib/flash.c:580:6:flash_dcu_read_res_address_is_in_range	16	static
../can/lib/flash.c:587:10:flash_dcu_read_res_word_encode	16	static
../can/lib/flash.c:592:8:flash_dcu_read_res_word_decode	16	static
../can/lib/flash.c:597:6:flash_dcu_read_res_word_is_in_range	16	static
../can/lib/flash.c:604:5:flash_dcu_erase_req_pack	24	static
../can/lib/flash.c:623:5:flash_dcu_erase_req_unpack	24	static
../can/lib/flash.c:640:5:flash_dcu_erase_req_init	16	static
../can/lib/flash.c:649:10:flash_dcu_erase_req_erase_all_encode	16	static
../can/lib/flash.c:654:8:flash_dcu_erase_req_erase_all_decode	16	static
../can/lib/flash.c:659:6:flash_dcu_erase_req_erase_all_is_in_range	16	static
../can/lib/flash.c:666:5:flash_dcu_erase_res_pack	24	static
../can/lib/flash.c:685:5:flash_dcu_erase_res_unpack	24	static
../can/lib/flash.c:702:5:flash_dcu_erase_res_init	16	static
../can/lib/flash.c:711:10:flash_dcu_erase_res_erase_all_encode	16	static
../can/lib/flash.c:716:8:flash_dcu_erase_res_erase_all_decode	16	static
../can/lib/flash.c:721:6:flash_dcu_erase_res_erase_all_is_in_range	16	static
../can/lib/flash.c:728:5:flash_ecu_status_pack	24	static
../can/lib/flash.c:751:5:flash_ecu_status_unpack	80	static
../can/lib/flash.c:772:5:flash_ecu_status_init	16	static
../can/lib/flash.c:781:10:flash_ecu_status_status_encode	16	static
../can/lib/flash.c:786:8:flash_ecu_status_status_decode	16	static
../can/lib/flash.c:791:6:flash_ecu_status_status_is_in_range	16	static
../can/lib/flash.c:798:5:flash_ecu_write_req_pack	24	static
../can/lib/flash.c:821:5:flash_ecu_write_req_unpack	24	static
../can/lib/flash.c:842:5:flash_ecu_write_req_init	16	static
../can/lib/flash.c:851:10:flash_ecu_write_req_address_encode	16	static
../can/lib/flash.c:856:8:flash_ecu_write_req_address_decode	16	static
../can/lib/flash.c:861:6:flash_ecu_write_req_address_is_in_range	16	static
../can/lib/flash.c:868:10:flash_ecu_write_req_word_encode	16	static
../can/lib/flash.c:873:8:flash_ecu_write_req_word_decode	16	static
../can/lib/flash.c:878:6:flash_ecu_write_req_word_is_in_range	16	static
../can/lib/flash.c:885:5:flash_ecu_write_res_pack	24	static
../can/lib/flash.c:908:5:flash_ecu_write_res_unpack	24	static
../can/lib/flash.c:929:5:flash_ecu_write_res_init	16	static
../can/lib/flash.c:938:10:flash_ecu_write_res_address_encode	16	static
../can/lib/flash.c:943:8:flash_ecu_write_res_address_decode	16	static
../can/lib/flash.c:948:6:flash_ecu_write_res_address_is_in_range	16	static
../can/lib/flash.c:955:10:flash_ecu_write_res_word_encode	16	static
../can/lib/flash.c:960:8:flash_ecu_write_res_word_decode	16	static
../can/lib/flash.c:965:6:flash_ecu_write_res_word_is_in_range	16	static
../can/lib/flash.c:972:5:flash_ecu_read_req_pack	24	static
../can/lib/flash.c:995:5:flash_ecu_read_req_unpack	24	static
../can/lib/flash.c:1016:5:flash_ecu_read_req_init	16	static
../can/lib/flash.c:1025:10:flash_ecu_read_req_address_encode	16	static
../can/lib/flash.c:1030:8:flash_ecu_read_req_address_decode	16	static
../can/lib/flash.c:1035:6:flash_ecu_read_req_address_is_in_range	16	static
../can/lib/flash.c:1042:10:flash_ecu_read_req_word_encode	16	static
../can/lib/flash.c:1047:8:flash_ecu_read_req_word_decode	16	static
../can/lib/flash.c:1052:6:flash_ecu_read_req_word_is_in_range	16	static
../can/lib/flash.c:1059:5:flash_ecu_read_res_pack	24	static
../can/lib/flash.c:1082:5:flash_ecu_read_res_unpack	24	static
../can/lib/flash.c:1103:5:flash_ecu_read_res_init	16	static
../can/lib/flash.c:1112:10:flash_ecu_read_res_address_encode	16	static
../can/lib/flash.c:1117:8:flash_ecu_read_res_address_decode	16	static
../can/lib/flash.c:1122:6:flash_ecu_read_res_address_is_in_range	16	static
../can/lib/flash.c:1129:10:flash_ecu_read_res_word_encode	16	static
../can/lib/flash.c:1134:8:flash_ecu_read_res_word_decode	16	static
../can/lib/flash.c:1139:6:flash_ecu_read_res_word_is_in_range	16	static
../can/lib/flash.c:1146:5:flash_ecu_erase_req_pack	24	static
../can/lib/flash.c:1165:5:flash_ecu_erase_req_unpack	24	static
../can/lib/flash.c:1182:5:flash_ecu_erase_req_init	16	static
../can/lib/flash.c:1191:10:flash_ecu_erase_req_erase_all_encode	16	static
../can/lib/flash.c:1196:8:flash_ecu_erase_req_erase_all_decode	16	static
../can/lib/flash.c:1201:6:flash_ecu_erase_req_erase_all_is_in_range	16	static
../can/lib/flash.c:1208:5:flash_ecu_erase_res_pack	24	static
../can/lib/flash.c:1227:5:flash_ecu_erase_res_unpack	24	static
../can/lib/flash.c:1244:5:flash_ecu_erase_res_init	16	static
../can/lib/flash.c:1253:10:flash_ecu_erase_res_erase_all_encode	16	static
../can/lib/flash.c:1258:8:flash_ecu_erase_res_erase_all_decode	16	static
../can/lib/flash.c:1263:6:flash_ecu_erase_res_erase_all_is_in_range	16	static
../can/lib/flash.c:1270:5:flash_ccu_status_pack	24	static
../can/lib/flash.c:1293:5:flash_ccu_status_unpack	80	static
../can/lib/flash.c:1314:5:flash_ccu_status_init	16	static
../can/lib/flash.c:1323:10:flash_ccu_status_status_encode	16	static
../can/lib/flash.c:1328:8:flash_ccu_status_status_decode	16	static
../can/lib/flash.c:1333:6:flash_ccu_status_status_is_in_range	16	static
../can/lib/flash.c:1340:5:flash_ccu_write_req_pack	24	static
../can/lib/flash.c:1363:5:flash_ccu_write_req_unpack	24	static
../can/lib/flash.c:1384:5:flash_ccu_write_req_init	16	static
../can/lib/flash.c:1393:10:flash_ccu_write_req_address_encode	16	static
../can/lib/flash.c:1398:8:flash_ccu_write_req_address_decode	16	static
../can/lib/flash.c:1403:6:flash_ccu_write_req_address_is_in_range	16	static
../can/lib/flash.c:1410:10:flash_ccu_write_req_word_encode	16	static
../can/lib/flash.c:1415:8:flash_ccu_write_req_word_decode	16	static
../can/lib/flash.c:1420:6:flash_ccu_write_req_word_is_in_range	16	static
../can/lib/flash.c:1427:5:flash_ccu_write_res_pack	24	static
../can/lib/flash.c:1450:5:flash_ccu_write_res_unpack	24	static
../can/lib/flash.c:1471:5:flash_ccu_write_res_init	16	static
../can/lib/flash.c:1480:10:flash_ccu_write_res_address_encode	16	static
../can/lib/flash.c:1485:8:flash_ccu_write_res_address_decode	16	static
../can/lib/flash.c:1490:6:flash_ccu_write_res_address_is_in_range	16	static
../can/lib/flash.c:1497:10:flash_ccu_write_res_word_encode	16	static
../can/lib/flash.c:1502:8:flash_ccu_write_res_word_decode	16	static
../can/lib/flash.c:1507:6:flash_ccu_write_res_word_is_in_range	16	static
../can/lib/flash.c:1514:5:flash_ccu_read_req_pack	24	static
../can/lib/flash.c:1537:5:flash_ccu_read_req_unpack	24	static
../can/lib/flash.c:1558:5:flash_ccu_read_req_init	16	static
../can/lib/flash.c:1567:10:flash_ccu_read_req_address_encode	16	static
../can/lib/flash.c:1572:8:flash_ccu_read_req_address_decode	16	static
../can/lib/flash.c:1577:6:flash_ccu_read_req_address_is_in_range	16	static
../can/lib/flash.c:1584:10:flash_ccu_read_req_word_encode	16	static
../can/lib/flash.c:1589:8:flash_ccu_read_req_word_decode	16	static
../can/lib/flash.c:1594:6:flash_ccu_read_req_word_is_in_range	16	static
../can/lib/flash.c:1601:5:flash_ccu_read_res_pack	24	static
../can/lib/flash.c:1624:5:flash_ccu_read_res_unpack	24	static
../can/lib/flash.c:1645:5:flash_ccu_read_res_init	16	static
../can/lib/flash.c:1654:10:flash_ccu_read_res_address_encode	16	static
../can/lib/flash.c:1659:8:flash_ccu_read_res_address_decode	16	static
../can/lib/flash.c:1664:6:flash_ccu_read_res_address_is_in_range	16	static
../can/lib/flash.c:1671:10:flash_ccu_read_res_word_encode	16	static
../can/lib/flash.c:1676:8:flash_ccu_read_res_word_decode	16	static
../can/lib/flash.c:1681:6:flash_ccu_read_res_word_is_in_range	16	static
../can/lib/flash.c:1688:5:flash_ccu_erase_req_pack	24	static
../can/lib/flash.c:1707:5:flash_ccu_erase_req_unpack	24	static
../can/lib/flash.c:1724:5:flash_ccu_erase_req_init	16	static
../can/lib/flash.c:1733:10:flash_ccu_erase_req_erase_all_encode	16	static
../can/lib/flash.c:1738:8:flash_ccu_erase_req_erase_all_decode	16	static
../can/lib/flash.c:1743:6:flash_ccu_erase_req_erase_all_is_in_range	16	static
../can/lib/flash.c:1750:5:flash_ccu_erase_res_pack	24	static
../can/lib/flash.c:1769:5:flash_ccu_erase_res_unpack	24	static
../can/lib/flash.c:1786:5:flash_ccu_erase_res_init	16	static
../can/lib/flash.c:1795:10:flash_ccu_erase_res_erase_all_encode	16	static
../can/lib/flash.c:1800:8:flash_ccu_erase_res_erase_all_decode	16	static
../can/lib/flash.c:1805:6:flash_ccu_erase_res_erase_all_is_in_range	16	static
../can/lib/flash.c:1812:5:flash_dbu_status_pack	24	static
../can/lib/flash.c:1835:5:flash_dbu_status_unpack	80	static
../can/lib/flash.c:1856:5:flash_dbu_status_init	16	static
../can/lib/flash.c:1865:10:flash_dbu_status_status_encode	16	static
../can/lib/flash.c:1870:8:flash_dbu_status_status_decode	16	static
../can/lib/flash.c:1875:6:flash_dbu_status_status_is_in_range	16	static
../can/lib/flash.c:1882:5:flash_dbu_write_req_pack	24	static
../can/lib/flash.c:1905:5:flash_dbu_write_req_unpack	24	static
../can/lib/flash.c:1926:5:flash_dbu_write_req_init	16	static
../can/lib/flash.c:1935:10:flash_dbu_write_req_address_encode	16	static
../can/lib/flash.c:1940:8:flash_dbu_write_req_address_decode	16	static
../can/lib/flash.c:1945:6:flash_dbu_write_req_address_is_in_range	16	static
../can/lib/flash.c:1952:10:flash_dbu_write_req_word_encode	16	static
../can/lib/flash.c:1957:8:flash_dbu_write_req_word_decode	16	static
../can/lib/flash.c:1962:6:flash_dbu_write_req_word_is_in_range	16	static
../can/lib/flash.c:1969:5:flash_dbu_write_res_pack	24	static
../can/lib/flash.c:1992:5:flash_dbu_write_res_unpack	24	static
../can/lib/flash.c:2013:5:flash_dbu_write_res_init	16	static
../can/lib/flash.c:2022:10:flash_dbu_write_res_address_encode	16	static
../can/lib/flash.c:2027:8:flash_dbu_write_res_address_decode	16	static
../can/lib/flash.c:2032:6:flash_dbu_write_res_address_is_in_range	16	static
../can/lib/flash.c:2039:10:flash_dbu_write_res_word_encode	16	static
../can/lib/flash.c:2044:8:flash_dbu_write_res_word_decode	16	static
../can/lib/flash.c:2049:6:flash_dbu_write_res_word_is_in_range	16	static
../can/lib/flash.c:2056:5:flash_dbu_read_req_pack	24	static
../can/lib/flash.c:2079:5:flash_dbu_read_req_unpack	24	static
../can/lib/flash.c:2100:5:flash_dbu_read_req_init	16	static
../can/lib/flash.c:2109:10:flash_dbu_read_req_address_encode	16	static
../can/lib/flash.c:2114:8:flash_dbu_read_req_address_decode	16	static
../can/lib/flash.c:2119:6:flash_dbu_read_req_address_is_in_range	16	static
../can/lib/flash.c:2126:10:flash_dbu_read_req_word_encode	16	static
../can/lib/flash.c:2131:8:flash_dbu_read_req_word_decode	16	static
../can/lib/flash.c:2136:6:flash_dbu_read_req_word_is_in_range	16	static
../can/lib/flash.c:2143:5:flash_dbu_read_res_pack	24	static
../can/lib/flash.c:2166:5:flash_dbu_read_res_unpack	24	static
../can/lib/flash.c:2187:5:flash_dbu_read_res_init	16	static
../can/lib/flash.c:2196:10:flash_dbu_read_res_address_encode	16	static
../can/lib/flash.c:2201:8:flash_dbu_read_res_address_decode	16	static
../can/lib/flash.c:2206:6:flash_dbu_read_res_address_is_in_range	16	static
../can/lib/flash.c:2213:10:flash_dbu_read_res_word_encode	16	static
../can/lib/flash.c:2218:8:flash_dbu_read_res_word_decode	16	static
../can/lib/flash.c:2223:6:flash_dbu_read_res_word_is_in_range	16	static
../can/lib/flash.c:2230:5:flash_dbu_erase_req_pack	24	static
../can/lib/flash.c:2249:5:flash_dbu_erase_req_unpack	24	static
../can/lib/flash.c:2266:5:flash_dbu_erase_req_init	16	static
../can/lib/flash.c:2275:10:flash_dbu_erase_req_erase_all_encode	16	static
../can/lib/flash.c:2280:8:flash_dbu_erase_req_erase_all_decode	16	static
../can/lib/flash.c:2285:6:flash_dbu_erase_req_erase_all_is_in_range	16	static
../can/lib/flash.c:2292:5:flash_dbu_erase_res_pack	24	static
../can/lib/flash.c:2311:5:flash_dbu_erase_res_unpack	24	static
../can/lib/flash.c:2328:5:flash_dbu_erase_res_init	16	static
../can/lib/flash.c:2337:10:flash_dbu_erase_res_erase_all_encode	16	static
../can/lib/flash.c:2342:8:flash_dbu_erase_res_erase_all_decode	16	static
../can/lib/flash.c:2347:6:flash_dbu_erase_res_erase_all_is_in_range	16	static
../can/lib/flash.c:2354:5:flash_ams_status_pack	24	static
../can/lib/flash.c:2377:5:flash_ams_status_unpack	80	static
../can/lib/flash.c:2398:5:flash_ams_status_init	16	static
../can/lib/flash.c:2407:10:flash_ams_status_status_encode	16	static
../can/lib/flash.c:2412:8:flash_ams_status_status_decode	16	static
../can/lib/flash.c:2417:6:flash_ams_status_status_is_in_range	16	static
../can/lib/flash.c:2424:5:flash_ams_write_req_pack	24	static
../can/lib/flash.c:2447:5:flash_ams_write_req_unpack	24	static
../can/lib/flash.c:2468:5:flash_ams_write_req_init	16	static
../can/lib/flash.c:2477:10:flash_ams_write_req_address_encode	16	static
../can/lib/flash.c:2482:8:flash_ams_write_req_address_decode	16	static
../can/lib/flash.c:2487:6:flash_ams_write_req_address_is_in_range	16	static
../can/lib/flash.c:2494:10:flash_ams_write_req_word_encode	16	static
../can/lib/flash.c:2499:8:flash_ams_write_req_word_decode	16	static
../can/lib/flash.c:2504:6:flash_ams_write_req_word_is_in_range	16	static
../can/lib/flash.c:2511:5:flash_ams_write_res_pack	24	static
../can/lib/flash.c:2534:5:flash_ams_write_res_unpack	24	static
../can/lib/flash.c:2555:5:flash_ams_write_res_init	16	static
../can/lib/flash.c:2564:10:flash_ams_write_res_address_encode	16	static
../can/lib/flash.c:2569:8:flash_ams_write_res_address_decode	16	static
../can/lib/flash.c:2574:6:flash_ams_write_res_address_is_in_range	16	static
../can/lib/flash.c:2581:10:flash_ams_write_res_word_encode	16	static
../can/lib/flash.c:2586:8:flash_ams_write_res_word_decode	16	static
../can/lib/flash.c:2591:6:flash_ams_write_res_word_is_in_range	16	static
../can/lib/flash.c:2598:5:flash_ams_read_req_pack	24	static
../can/lib/flash.c:2621:5:flash_ams_read_req_unpack	24	static
../can/lib/flash.c:2642:5:flash_ams_read_req_init	16	static
../can/lib/flash.c:2651:10:flash_ams_read_req_address_encode	16	static
../can/lib/flash.c:2656:8:flash_ams_read_req_address_decode	16	static
../can/lib/flash.c:2661:6:flash_ams_read_req_address_is_in_range	16	static
../can/lib/flash.c:2668:10:flash_ams_read_req_word_encode	16	static
../can/lib/flash.c:2673:8:flash_ams_read_req_word_decode	16	static
../can/lib/flash.c:2678:6:flash_ams_read_req_word_is_in_range	16	static
../can/lib/flash.c:2685:5:flash_ams_read_res_pack	24	static
../can/lib/flash.c:2708:5:flash_ams_read_res_unpack	24	static
../can/lib/flash.c:2729:5:flash_ams_read_res_init	16	static
../can/lib/flash.c:2738:10:flash_ams_read_res_address_encode	16	static
../can/lib/flash.c:2743:8:flash_ams_read_res_address_decode	16	static
../can/lib/flash.c:2748:6:flash_ams_read_res_address_is_in_range	16	static
../can/lib/flash.c:2755:10:flash_ams_read_res_word_encode	16	static
../can/lib/flash.c:2760:8:flash_ams_read_res_word_decode	16	static
../can/lib/flash.c:2765:6:flash_ams_read_res_word_is_in_range	16	static
../can/lib/flash.c:2772:5:flash_ams_erase_req_pack	24	static
../can/lib/flash.c:2791:5:flash_ams_erase_req_unpack	24	static
../can/lib/flash.c:2808:5:flash_ams_erase_req_init	16	static
../can/lib/flash.c:2817:10:flash_ams_erase_req_erase_all_encode	16	static
../can/lib/flash.c:2822:8:flash_ams_erase_req_erase_all_decode	16	static
../can/lib/flash.c:2827:6:flash_ams_erase_req_erase_all_is_in_range	16	static
../can/lib/flash.c:2834:5:flash_ams_erase_res_pack	24	static
../can/lib/flash.c:2853:5:flash_ams_erase_res_unpack	24	static
../can/lib/flash.c:2870:5:flash_ams_erase_res_init	16	static
../can/lib/flash.c:2879:10:flash_ams_erase_res_erase_all_encode	16	static
../can/lib/flash.c:2884:8:flash_ams_erase_res_erase_all_decode	16	static
../can/lib/flash.c:2889:6:flash_ams_erase_res_erase_all_is_in_range	16	static
